Loading net-file from 'C:\Users\33093\Desktop\限速控制算法进展\11.9xs\sumo/grid1x3.net.xml' ... done (2ms).
Loading route-files incrementally from 'C:\Users\33093\Desktop\限速控制算法进展\11.9xs\sumo/grid1x3.pen30.rou.xml'
Loading done.
Simulation version 1.24.0 started via libsumo with time: 0.00.
Warning: Teleporting vehicle 'flow_east_straight_hdv.24'; waited too long (yield), lane='E_J2_1', time=1020.00.
Warning: Vehicle 'flow_east_straight_hdv.24' ends teleporting on edge 'J2_J1', time=1043.00.
Warning: Teleporting vehicle 'flow_east_straight_hdv.27'; waited too long (yield), lane='E_J2_1', time=1529.00.
Warning: Vehicle 'flow_east_straight_hdv.27' ends teleporting on edge 'J2_J1', time=1551.00.
Warning: Teleporting vehicle 'flow_east_straight_hdv.29'; waited too long (yield), lane='E_J2_1', time=2210.00.
Warning: Vehicle 'flow_east_straight_hdv.29' ends teleporting on edge 'J2_J1', time=2231.00.
Warning: Teleporting vehicle 'flow_east_straight_hdv.30'; waited too long (yield), lane='E_J2_1', time=2546.00.
Warning: Vehicle 'flow_east_straight_hdv.30' ends teleporting on edge 'J2_J1', time=2546.00.
Warning: Teleporting vehicle 'flow_east_straight_hdv.31'; waited too long (yield), lane='E_J2_1', time=3058.00.
Warning: Vehicle 'flow_east_straight_hdv.31' ends teleporting on edge 'J2_J1', time=3131.00.
Warning: Teleporting vehicle 'flow_east_straight_hdv.33'; waited too long (yield), lane='E_J2_1', time=3424.00.
Warning: Vehicle 'flow_east_straight_hdv.33' ends teleporting on edge 'J2_J1', time=3424.00.
Simulation ended at time: 3609.00.
Reason: Libsumo requested termination.
Performance:
 Duration: 29.65s
 Real time factor: 121.728
 UPS: 22932.946573
Vehicles:
 Inserted: 3266 (Loaded: 3612)
 Running: 230
 Waiting: 346
 Teleports: 6 (Yield: 6)
